// Jest Snapshot v1, https://goo.gl/fbAQLP

exports[`Titles component Matches the snapshot 1`] = `
<div>
  <h1>
    Weather finder
  </h1>
  <p>
    Find out weather, temperature and other conditions
  </p>
</div>
`;
